ja baixados: 177 ids / 216 nomes em disco
canal: Investidor Sardinha l Raul Sena - Videos | 800 videos -> cache
apos filtro duracao 4-30min: 748 (de 800)
busca binaria: inicio de 2025...
  start = 185 (20251230)
busca binaria: fim de 2025...
  end = 475 => faixa de 290 videos para resolver
[20251230]  15m NOVO | Como ter um ano de 2026 rico e próspero?
[20251229]  14m JA   | Por que todo mundo no Brasil gosta de fingir que é rico?
[20251228]  12m JA   | 🚨 A casa caiu pro Xandão? Como o ESCÂNDALO do Banco Master est
[20251226]  29m JA   | Do 0 a R$ 100 milhões, o que eu aprendi?
[20251224]  11m JA   | Olha quanto dinheiro eu ganhei só gravando vídeos pro canal
[20251223]  12m JA   | A propaganda da Havaianas vai ferrar a empresa?
[20251222]  14m JA   | Quanto eu recebo com R$ 1 milhão em Fundos Imobiliários?
[20251219]  12m JA   | É o fim do trabalho e do capitalismo? As IAs estão destruindo 
[20251218]   9m JA   | A ECONOMIA DO JAPÃO PODE COLAPSAR O MUNDO (vai estourar a bolh
[20251217]  15m JA   | Por que tem tantos carros da BYD no Brasil? A verdade...
[20251216]   9m JA   | Autodidata em 9 minutos, mude sua vida
[20251216]  21m JA   | Quanto rende o Porquinho da AUVP? AUPO11
[20251214]  14m JA   | 🚨 A TRAIÇÃO DE TRUMP: Xandão se livra, escândalo do jatinho no
[20251212]  16m JA   | 4 ações que podem subir FORTE em 2026
[20251211]  25m JA   | Como é ganhar R$ 1 milhão por mês? (relato sincero)
[20251210]  17m JA   | O que significa para a economia o Flávio candidato?
[20251209]  24m JA   | Peça demissão, seu emprego não vale a pena
[20251208]  18m JA   | Se você tem R$ 1.000 na conta faça isso
[20251207]  19m JA   | 🚨 Flávio Bolsonaro AFUNDA a bolsa, CRISE FEIA no governo Lula 
[20251205]  22m JA   | Você é pobre porque é burro?
[20251204]  16m JA   | O imposto sobre dividendos é o começo, a realidade é pior
[20251203]  21m JA   | Se você chegou em R$ 10 mil de salário, você vai cair nessa ar
[20251202]  15m JA   | Se você tem mais de R$ 100 mil você pode gerar renda extra com
[20251202]  27m JA   | Quem construiu bunkers para o fim do mundo? Onde eles guardam 
[20251130]  14m JA   | 🚨 Bolsonaro é “enterrado” pelo STF, isenção do IR vira realida
[20251128]  11m JA   | Bitcoin subindo e caindo loucamente l O que está acontecendo c
[20251127]  16m JA   | 3 vícios que podem te enriquecer
[20251126]  15m JA   | Por que a elite brasileira NÃO está investindo?
[20251124]  21m JA   | A prisão de Jair Bolsonaro muda algo para o mercado financeiro
[20251123]  16m JA   | 🚨 URGENTE: Bolsonaro preso, bancos em alerta, bitcoin despenca
[20251120]  12m JA   | O guia simples e sujo para analisar ações
[20251119]  10m JA   | Como receber o dinheiro do FGC em 3 minutos?
[20251118]  21m JA   | Se todos os países estão endividados, quem é o credor?
[20251117]  14m JA   | Eles criaram um sistema do qual a CLASSE MÉDIA BURRA nunca vai
[20251116]  17m JA   | Inflação ESMAGA o povo mas a Bolsa vive festa do dinheiro "fác
[20251114]  14m JA   | Jovens estão fugindo de São Paulo e Rio de Janeiro, descobrira
[20251114]  15m JA   | Grandes investidores NÃO diversificam, a verdade que youtubers
[20251112]  24m JA   | Um novo mercado de alta começou e AGORA vem a burrice
[20251111]  18m JA   | A verdade não contada sobre dinheiro: como construir riqueza d
[20251111]  13m JA   | SENADO APROVA ISENÇÃO DE IR, MAS TEM UM DETALHE ESCONDIDO...
[20251107]  26m NOVO | Por que eu e a Carol do Irmãos Dias brigamos? Sinceramente…
[20251106]  14m NOVO | CLASSE MÉDIA deve fazer COMPRA MENSAL OU SEMANAL NO MERCADO?
[20251106]  23m JA   | A melhor explicação sobre bitcoin de todos os tempos (em menos
[20251103]  28m JA   | AULA SOBRE CDB - O Investimento que RENDE MAIS DINHEIRO e que 
[20251102]  18m NOVO | 🚨 A operação que CHOCOU o país vai AFUNDAR o Brasil? Seu dinhe
[20251030]  17m NOVO | Megaoperação do Rio de Janeiro, as consequências brutais para 
[20251029]  13m JA   | TAXA SELIC EM 15% ONDE INVESTIR R$ 50 MIL PARA LUCAR PESADO?
[20251028]  15m JA   | SEGURO DE VIDA - Pra que serve? Quais as coberturas? Qual é a 
[20251027]  22m JA   | Você foi enganado! Veja na íntegra a reunião do Trump com o Lu
[20251026]  22m NOVO | 🚨 URGENTE: Caçada BRUTAL aos “terroristas” ameaça o Brasil e L
[20251024]   8m NOVO | Quanto você deveria gastar em uma casa baseado na sua renda?
[20251023]  19m NOVO | Brasil x EUA: o CLIMA PESOU antes da reunião! E o mercado reag
[20251022]  19m NOVO | COMEÇOU AGORA: A maior transferência de riquezas da história
[20251022]  12m NOVO | o jeito mais inteligente de zerar a fatura do seu cartão
[20251021]  15m NOVO | Chegou a Black Friday, hora da classe média se lascar
[20251020]  13m JA   | Testei mil reais na poupança, CDB e Tesouro Direto por 1 ano! 
[20251019]  22m JA   | 🚨 URGENTE: crise em bancos americanos acende ALERTA GLOBAL e a
[20251017]  21m JA   | O vídeo que eu queria ter visto quando cheguei em R$ 100 mil
[20251016]  14m NOVO | O vídeo que eu queria ter visto quando era pobre
[20251015]  14m NOVO | O Verdadeiro Problema de Inteligências Artificiais
[20251014]  12m JA   | Não COMPRE imóvel agora, a legislação mudou
[20251013]  17m JA   | Fuja de comprar apartamentos, é latada!
[20251012]  21m NOVO | 🚨 ALERTA MÁXIMO no governo! Lula perde 30 bilhões e Haddad BAT
[20251011]  21m JA   | Juros altos? Fod@-se, aprenda a lucrar no Brasil independente 
[20251010]  16m JA   | Lula perdeu a disputa, não vai conseguir cobrar impostos sobre
[20251008]  14m JA   | Como sair da classe média burra e ficar rico?
[20251008]  14m JA   | Treta na XP, investidores perdem 93% do investimento (Caso Amb
[20251007]  20m JA   | Se a SELIC cair dá para salvar o Brasil? A verdade...
[20251006]  25m JA   | A economia real está morrendo e ninguém percebeu
[20251005]  19m NOVO | 🚨 Isenção do IR até 5 mil é PERIGOSA pro Brasil? Os impactos n
[20251003]  18m JA   | Ações estão de graça e os burros estão comprando?
[20251001]  12m NOVO | Se isolar, a nova burrice da classe média
[20250930]  19m JA   | A cotação do ouro deu o sinal que os investidores esperavam
[20250929]  16m JA   | Se você está sonegando PARE, o novo sistema da Receita Federal
[20250928]  23m JA   | 🚨 Lula e Trump: ACABOU a lua de mel? O que vai acontecer agora
[20250926]  18m NOVO | Minimalismo, as 4 regras que mudaram a minha história de vida
[20250925]  14m JA   | O que vai mudar com a REFORMA TRIBUTÁRIA DOS INVESTIMENTOS?
[20250925]  17m JA   | Como analisar ações de maneira simples e rápida?
[20250923]  17m JA   | A nova taxa SELIC é um sinal para o Brasil - 15%
[20250923]  22m JA   | O erro mais comum de quem começa em FIIs
[20250921]  22m NOVO | 🚨 Anistia ABALA os Poderes e PEC da Blindagem gera um CAOS em 
[20250919]  22m JA   | Como receber dinheiro todos os meses sem risco?
[20250918]  14m JA   | A esquerda vai perder as eleições? Por que os GRINGOS estão in
[20250917]  19m NOVO | Antes era conspiração, agora é a realidade: A geração que não 
[20250916]  16m JA   | Quanto eu precisei juntar para viver em paz?
[20250915]  20m NOVO | GUERRA NO MUNDO: O que aconteceria com o Brasil?
[20250914]  26m NOVO | 🚨 Prisão do Bolsonaro foi INJUSTA? A verdade sobre o julgament
[20250912]  15m NOVO | A vingança de Donald Trump
[20250911]  12m JA   | O corte da SELIC vai cair como uma bomba, ainda dá tempo de in
[20250911]  14m NOVO | CDBs rendendo 50%, 30%, furada? O que é o mercado secundário?
[20250909]  21m NOVO | Como o julgamento do Bolsonaro pode afetar o mercado financeir
[20250908]   8m NOVO | 🚨 Banco Master vai quebrar? O que fazer com seus CDBs?
[20250907]  18m NOVO | 🚨 Pressão por ANISTIA EXPLODE em Brasília e EUA miram Moraes! 
[20250904]  14m JA   | Segundo a ciência, essas são 7 características das pessoas que
[20250903]  19m JA   | Se você tem menos de R$ 5 milhões assista esse vídeo
[20250902]  14m NOVO | Por que pessoas ricas estão parando de ostentar?
[20250901]  17m JA   | Eu vou ter filhos? Uma discussão financeira e realista
[20250831]  19m NOVO | 🚨 URGENTE: O poder do PCC na Faria Lima, julgamento HISTÓRICO 
[20250829]  24m NOVO | EUA x Venezuela: Risco de guerra para o Brasil?
[20250828]  17m NOVO | Como era o esquema do PCC que envolvia a Faria Lima?
[20250827]  15m NOVO | Por que algumas pessoas estão abandonando o Brasil?
[20250826]  10m JA   | É melhor imóvel PRONTO ou na PLANTA?
[20250825]  10m NOVO | Banco do Brasil vai falir? Saques em massa?
[20250824]  18m NOVO | 🚨 Bomba: STF desafia Trump e ações dos BANCOS desabam na bolsa
[20250822]   9m JA   | Isso vai mudar sua vida em 6 meses
[20250821]  18m NOVO | 🚨 O que vai acontecer com os bancos brasileiros?
[20250820]  10m JA   | Renda fixa em dólar é uma boa? Testei e te respondo
[20250819]   9m NOVO | O sinal definitivo: 77% do dinheiro americano está em 10% das 
[20250818]  20m NOVO | Estão dizendo que o Drex é bom? Eu acho outra coisa…
[20250817]  20m NOVO | 🚨 Governo Lula BATE CABEÇA e incendeia crise com EUA! Até onde
[20250815]  11m NOVO | 🚨 URGENTE: Banco do Brasil tem resultado TENEBROSO no 2T25! Aç
[20250814]  18m JA   | 7 tipos de investimento que você usa do jeito errado
[20250813]  15m NOVO | Como eu mudei (RÁPIDO) a minha vida financeira
[20250812]  14m JA   | É o fim do dólar? Especialistas alertam para riscos
[20250811]  12m NOVO | 4 fontes de renda alternativas para começar a ganhar dinheiro
[20250810]  18m NOVO | 🚨 Caos total: Bolsonaro preso, quebra-quebra em Brasília e CRI
[20250808]  13m JA   | A bolsa brasileira pode subir ainda mais? O que os investidore
[20250807]   9m JA   | 🚨 Você tem mais de 4 bancos instalados no seu celular? Cuidado
[20250806]  18m JA   | Os 5 melhores cartões de classe média para ter em 2025 (atuali
[20250805]  18m JA   | Como se aposentar em 5 anos? O segredo da SELIC em 15%
[20250804]  20m NOVO | O QUE ACONTECE SE O BRASIL DESAFIAR A LEI MAGNITSKY E O TRUMP?
[20250803]  24m NOVO | 🚨 URGENTE: Moraes sofre golpe duro dos EUA e tarifaço EXPLODE 
[20250801]  19m JA   | Banco do Brasil em queda livre, vale a pena investir?
[20250731]  27m JA   | Ações baratas que vão se valorizar na saída da CRISE
[20250729]  14m JA   | PREVIDÊNCIA PRIVADA VALE A PENA? O que esconderam de você?
[20250728]  16m JA   | É melhor trabalhar de PJ ou CLT? Uma das burrices da classe mé
[20250727]  27m NOVO | 🚨 Crise explode: Lula e Trump partem pro ataque, STF pressiona
[20250725]  27m NOVO | A crise do Governo Lula, explicada
[20250724]  26m NOVO | Bolsonaro preso? O que vai acontecer com a economia do Brasil
[20250723]  20m NOVO | O colapso econômico é INEVITÁVEL? A profecia de Ray Dalio
[20250722]   8m NOVO | Ele enganou o mercado e lucrou bilhões com as tarifas do Trump
[20250720]  21m NOVO | 🚨 Brasil em chamas: STF humilha Bolsonaro, Lula detona Trump e
[20250718]  25m JA   | Como se organizar com baixa renda
[20250717]  17m NOVO | Xandão decidiu AUMENTAR O IOF!
[20250716]  20m JA   | Os riscos financeiros do CASAMENTO
[20250716]   9m NOVO | Cuidado com o Bitcoin em 2026: O coice vem aí!
[20250715]  23m JA   | De R$ 3 a R$ 15 mil de salário o que aprendi e não faria de no
[20250713]  24m JA   | 🚨 Bomba: Trump enquadra LULA e tarifa devastadora de 50% ameaç
[20250711]  17m NOVO | Era TRUMP - O início do fim do império americano
[20250710]  14m NOVO | O MAIOR ASSALTO A BANCO DA HISTÓRIA DO BRASIL
[20250708]  12m NOVO | 💰 Eles disseram: “fuja do Brasil”. Agora o dólar tá R$ 5,40 e 
[20250707]  26m NOVO | 💀 Todo mundo fala em taxar os ricos, mas é você quem vai se la
[20250706]  18m NOVO | 🚨 STF entra no jogo e INCENDEIA guerra entre Lula e Congresso!
[20250704]   9m NOVO | Por que o Ibovespa está subindo tanto nos últimos dias?
[20250703]  14m NOVO | A armadilha dos gurus, do sucesso e da liberdade financeira. E
[20250701]  16m NOVO | O homem de R$ 300 milhões
[20250630]  20m JA   | 3 passos para aumentar a sua RENTABILIDADE e tirar a sua carte
[20250629]  12m NOVO | 🚨 Lula está em apuros, congresso desautoriza Haddad e bombas n
[20250627]  16m JA   | ACABOU A SONEGAÇÃO DOS RENDIMENTOS DE ALUGUEL - LOCADORES E LO
[20250626]  11m JA   | Como se aposentar em 15 anos
[20250625]  21m JA   | O fim do índice bovespa? O novo índice
[20250624]  17m NOVO | Como enganar o mercado financeiro e se dar bem?
[20250622]  16m NOVO | 🚨 EUA atacam Irã e colocam o mundo em ALERTA MÁXIMO! A guerra 
[20250620]  18m JA   | Como dobrar seu dinheiro sem fazer nada - A regra da SELIC em 
[20250619]  17m NOVO | A nova bomba: remédio aumenta músculos sem treinar (e eu compr
[20250618]  18m JA   | 💰 Por que os bilionários estão comprando ouro? O que eles sabe
[20250617]  21m JA   | 3 investimentos de baixo risco para quem quer tirar dinheiro d
[20250616]  18m NOVO | 🚨 Sinais de que estamos próximos da terceira guerra mundial
[20250613]  17m JA   | Por que eu não compro casa para alugar? (escute com humildade)
[20250612]  18m NOVO | O Brasil tem um segredo militar que quase ninguém percebeu
[20250611]  17m NOVO | Shutdown: O que acontece se o governo não conseguir pagar as c
[20250610]  13m NOVO | Quem compra terra nunca erra? A verdade sobre investir em lote
[20250609]  17m NOVO | 🚨 Governo cria novos impostos sobre investimentos
[20250608]  22m NOVO | 🚨 Lula e Trump fazem a PIOR CAGADA do ano e isso pode CUSTAR C
[20250605]  29m NOVO | Vale a pena investir em uma franquia? Veja se é para VOCÊ
[20250604]  10m JA   | Você é um investidor? Fique atento a essas mudanças
[20250604]  28m JA   | As brechas para EVITAR impostos investindo e empreendendo
[20250602]  12m JA   | O novo cartão fodão da XP e do Itaú - Visa Infinite Privilege
[20250601]  19m NOVO | 🚨 Bomba: Haddad diz que ACABOU O DINHEIRO e o Brasil PODE PARA
[20250529]  22m NOVO | O SONHO DA CASA PRÓPRIA ACABOU: CLASSE MÉDIA PERDENDO IMÓVEIS 
[20250528]  14m NOVO | O erro que aumenta seu custo de vida em 40% (burrice da Classe
[20250527]  11m JA   | Não tenha BENS no seu NOME! As 03 razões para não ter nada no 
[20250526]  19m JA   | O futuro da aposentadoria no Brasil - O perigo agora é outro
[20250525]  21m NOVO | 🚨LULA METE O LOUCO e aumento do IOF afunda o mercado | Bitcoin
[20250523]  12m NOVO | O governo voltou atrás no IOF? Não exatamente… A verdade é out
[20250522]  15m NOVO | 💸 Clientes da XP estão sendo enganados assim. Não caia nesse g
[20250520]  16m JA   | Como fazer o seu salário render 2x mais?
[20250520]  24m NOVO | Os 10 melhores cartões de alta renda para ter em 2025 (atualiz
[20250518]  15m NOVO | 🚨 Lula gasta bilhões, BOULOS vai entrar no poder e algo histór
[20250517]  19m NOVO | A verdade sobre o mercado financeiro (relato sincero depois de
[20250516]  16m NOVO | CASH3 você vai se ferrar se comprar essa ação
[20250516]  15m NOVO | A China está influenciando o Brasil e ninguém percebeu
